Archive member included to satisfy reference by file (symbol)

c:/st/stm32cubeide_1.11.0/stm32cubeide/plugins/com.st.stm32cube.ide.mcu.externaltools.gnu-tools-for-stm32.10.3-2021.10.win32_1.0.200.202301161003/tools/bin/../lib/gcc/arm-none-eabi/10.3.1/../../../../arm-none-eabi/lib/thumb/v7-m/nofp\libc_nano.a(lib_a-errno.o)
                              ./Core/Src/syscalls.o (__errno)
c:/st/stm32cubeide_1.11.0/stm32cubeide/plugins/com.st.stm32cube.ide.mcu.externaltools.gnu-tools-for-stm32.10.3-2021.10.win32_1.0.200.202301161003/tools/bin/../lib/gcc/arm-none-eabi/10.3.1/../../../../arm-none-eabi/lib/thumb/v7-m/nofp\libc_nano.a(lib_a-exit.o)
                              c:/st/stm32cubeide_1.11.0/stm32cubeide/plugins/com.st.stm32cube.ide.mcu.externaltools.gnu-tools-for-stm32.10.3-2021.10.win32_1.0.200.202301161003/tools/bin/../lib/gcc/arm-none-eabi/10.3.1/../../../../arm-none-eabi/lib/thumb/v7-m/nofp/crt0.o (exit)
c:/st/stm32cubeide_1.11.0/stm32cubeide/plugins/com.st.stm32cube.ide.mcu.externaltools.gnu-tools-for-stm32.10.3-2021.10.win32_1.0.200.202301161003/tools/bin/../lib/gcc/arm-none-eabi/10.3.1/../../../../arm-none-eabi/lib/thumb/v7-m/nofp\libc_nano.a(lib_a-impure.o)
                              c:/st/stm32cubeide_1.11.0/stm32cubeide/plugins/com.st.stm32cube.ide.mcu.externaltools.gnu-tools-for-stm32.10.3-2021.10.win32_1.0.200.202301161003/tools/bin/../lib/gcc/arm-none-eabi/10.3.1/../../../../arm-none-eabi/lib/thumb/v7-m/nofp\libc_nano.a(lib_a-exit.o) (_global_impure_ptr)
c:/st/stm32cubeide_1.11.0/stm32cubeide/plugins/com.st.stm32cube.ide.mcu.externaltools.gnu-tools-for-stm32.10.3-2021.10.win32_1.0.200.202301161003/tools/bin/../lib/gcc/arm-none-eabi/10.3.1/../../../../arm-none-eabi/lib/thumb/v7-m/nofp\libc_nano.a(lib_a-init.o)
                              c:/st/stm32cubeide_1.11.0/stm32cubeide/plugins/com.st.stm32cube.ide.mcu.externaltools.gnu-tools-for-stm32.10.3-2021.10.win32_1.0.200.202301161003/tools/bin/../lib/gcc/arm-none-eabi/10.3.1/../../../../arm-none-eabi/lib/thumb/v7-m/nofp/crt0.o (__libc_init_array)
c:/st/stm32cubeide_1.11.0/stm32cubeide/plugins/com.st.stm32cube.ide.mcu.externaltools.gnu-tools-for-stm32.10.3-2021.10.win32_1.0.200.202301161003/tools/bin/../lib/gcc/arm-none-eabi/10.3.1/../../../../arm-none-eabi/lib/thumb/v7-m/nofp\libc_nano.a(lib_a-memset.o)
                              c:/st/stm32cubeide_1.11.0/stm32cubeide/plugins/com.st.stm32cube.ide.mcu.externaltools.gnu-tools-for-stm32.10.3-2021.10.win32_1.0.200.202301161003/tools/bin/../lib/gcc/arm-none-eabi/10.3.1/../../../../arm-none-eabi/lib/thumb/v7-m/nofp/crt0.o (memset)

Discarded input sections

 .text          0x0000000000000000        0x0 c:/st/stm32cubeide_1.11.0/stm32cubeide/plugins/com.st.stm32cube.ide.mcu.externaltools.gnu-tools-for-stm32.10.3-2021.10.win32_1.0.200.202301161003/tools/bin/../lib/gcc/arm-none-eabi/10.3.1/thumb/v7-m/nofp/crti.o
 .data          0x0000000000000000        0x0 c:/st/stm32cubeide_1.11.0/stm32cubeide/plugins/com.st.stm32cube.ide.mcu.externaltools.gnu-tools-for-stm32.10.3-2021.10.win32_1.0.200.202301161003/tools/bin/../lib/gcc/arm-none-eabi/10.3.1/thumb/v7-m/nofp/crti.o
 .bss           0x0000000000000000        0x0 c:/st/stm32cubeide_1.11.0/stm32cubeide/plugins/com.st.stm32cube.ide.mcu.externaltools.gnu-tools-for-stm32.10.3-2021.10.win32_1.0.200.202301161003/tools/bin/../lib/gcc/arm-none-eabi/10.3.1/thumb/v7-m/nofp/crti.o
 .data          0x0000000000000000        0x4 c:/st/stm32cubeide_1.11.0/stm32cubeide/plugins/com.st.stm32cube.ide.mcu.externaltools.gnu-tools-for-stm32.10.3-2021.10.win32_1.0.200.202301161003/tools/bin/../lib/gcc/arm-none-eabi/10.3.1/thumb/v7-m/nofp/crtbegin.o
 .rodata        0x0000000000000000       0x24 c:/st/stm32cubeide_1.11.0/stm32cubeide/plugins/com.st.stm32cube.ide.mcu.externaltools.gnu-tools-for-stm32.10.3-2021.10.win32_1.0.200.202301161003/tools/bin/../lib/gcc/arm-none-eabi/10.3.1/thumb/v7-m/nofp/crtbegin.o
 .text          0x0000000000000000       0x7c c:/st/stm32cubeide_1.11.0/stm32cubeide/plugins/com.st.stm32cube.ide.mcu.externaltools.gnu-tools-for-stm32.10.3-2021.10.win32_1.0.200.202301161003/tools/bin/../lib/gcc/arm-none-eabi/10.3.1/../../../../arm-none-eabi/lib/thumb/v7-m/nofp/crt0.o
 .data          0x0000000000000000        0x0 c:/st/stm32cubeide_1.11.0/stm32cubeide/plugins/com.st.stm32cube.ide.mcu.externaltools.gnu-tools-for-stm32.10.3-2021.10.win32_1.0.200.202301161003/tools/bin/../lib/gcc/arm-none-eabi/10.3.1/../../../../arm-none-eabi/lib/thumb/v7-m/nofp/crt0.o
 .bss           0x0000000000000000        0x0 c:/st/stm32cubeide_1.11.0/stm32cubeide/plugins/com.st.stm32cube.ide.mcu.externaltools.gnu-tools-for-stm32.10.3-2021.10.win32_1.0.200.202301161003/tools/bin/../lib/gcc/arm-none-eabi/10.3.1/../../../../arm-none-eabi/lib/thumb/v7-m/nofp/crt0.o
[...]
Memory Configuration

Name             Origin             Length             Attributes
RAM              0x0000000020000000 0x0000000000002800 xrw
FLASH            0x0000000008000000 0x0000000000008000 xr
*default*        0x0000000000000000 0xffffffffffffffff

Linker script and memory map

LOAD c:/st/stm32cubeide_1.11.0/stm32cubeide/plugins/com.st.stm32cube.ide.mcu.externaltools.gnu-tools-for-stm32.10.3-2021.10.win32_1.0.200.202301161003/tools/bin/../lib/gcc/arm-none-eabi/10.3.1/thumb/v7-m/nofp/crti.o
LOAD c:/st/stm32cubeide_1.11.0/stm32cubeide/plugins/com.st.stm32cube.ide.mcu.externaltools.gnu-tools-for-stm32.10.3-2021.10.win32_1.0.200.202301161003/tools/bin/../lib/gcc/arm-none-eabi/10.3.1/thumb/v7-m/nofp/crtbegin.o
LOAD c:/st/stm32cubeide_1.11.0/stm32cubeide/plugins/com.st.stm32cube.ide.mcu.externaltools.gnu-tools-for-stm32.10.3-2021.10.win32_1.0.200.202301161003/tools/bin/../lib/gcc/arm-none-eabi/10.3.1/../../../../arm-none-eabi/lib/thumb/v7-m/nofp/crt0.o
LOAD ./Core/Src/can.o
LOAD ./Core/Src/gpio.o
LOAD ./Core/Src/main.o
LOAD ./Core/Src/stm32f1xx_hal_msp.o
LOAD ./Core/Src/stm32f1xx_it.o
LOAD ./Core/Src/syscalls.o
LOAD ./Core/Src/sysmem.o
LOAD ./Core/Src/system_stm32f1xx.o
LOAD ./Core/Src/wrapper.o
LOAD ./Core/Startup/startup_stm32f103c6tx.o
LOAD ./Drivers/STM32F1xx_HAL_Driver/Src/stm32f1xx_hal.o
LOAD ./Drivers/STM32F1xx_HAL_Driver/Src/stm32f1xx_hal_can.o
LOAD ./Drivers/STM32F1xx_HAL_Driver/Src/stm32f1xx_hal_cortex.o
LOAD ./Drivers/STM32F1xx_HAL_Driver/Src/stm32f1xx_hal_dma.o
LOAD ./Drivers/STM32F1xx_HAL_Driver/Src/stm32f1xx_hal_exti.o
LOAD ./Drivers/STM32F1xx_HAL_Driver/Src/stm32f1xx_hal_flash.o
LOAD ./Drivers/STM32F1xx_HAL_Driver/Src/stm32f1xx_hal_flash_ex.o
LOAD ./Drivers/STM32F1xx_HAL_Driver/Src/stm32f1xx_hal_gpio.o
LOAD ./Drivers/STM32F1xx_HAL_Driver/Src/stm32f1xx_hal_gpio_ex.o
LOAD ./Drivers/STM32F1xx_HAL_Driver/Src/stm32f1xx_hal_pwr.o
LOAD ./Drivers/STM32F1xx_HAL_Driver/Src/stm32f1xx_hal_rcc.o
LOAD ./Drivers/STM32F1xx_HAL_Driver/Src/stm32f1xx_hal_rcc_ex.o
LOAD ./Drivers/STM32F1xx_HAL_Driver/Src/stm32f1xx_hal_tim.o
LOAD ./Drivers/STM32F1xx_HAL_Driver/Src/stm32f1xx_hal_tim_ex.o
START GROUP
LOAD c:/st/stm32cubeide_1.11.0/stm32cubeide/plugins/com.st.stm32cube.ide.mcu.externaltools.gnu-tools-for-stm32.10.3-2021.10.win32_1.0.200.202301161003/tools/bin/../lib/gcc/arm-none-eabi/10.3.1/../../../../arm-none-eabi/lib/thumb/v7-m/nofp\libstdc++_nano.a
LOAD c:/st/stm32cubeide_1.11.0/stm32cubeide/plugins/com.st.stm32cube.ide.mcu.externaltools.gnu-tools-for-stm32.10.3-2021.10.win32_1.0.200.202301161003/tools/bin/../lib/gcc/arm-none-eabi/10.3.1/../../../../arm-none-eabi/lib/thumb/v7-m/nofp\libsupc++_nano.a
END GROUP
LOAD c:/st/stm32cubeide_1.11.0/stm32cubeide/plugins/com.st.stm32cube.ide.mcu.externaltools.gnu-tools-for-stm32.10.3-2021.10.win32_1.0.200.202301161003/tools/bin/../lib/gcc/arm-none-eabi/10.3.1/../../../../arm-none-eabi/lib/thumb/v7-m/nofp\libstdc++_nano.a
LOAD c:/st/stm32cubeide_1.11.0/stm32cubeide/plugins/com.st.stm32cube.ide.mcu.externaltools.gnu-tools-for-stm32.10.3-2021.10.win32_1.0.200.202301161003/tools/bin/../lib/gcc/arm-none-eabi/10.3.1/../../../../arm-none-eabi/lib/thumb/v7-m/nofp\libm.a
LOAD c:/st/stm32cubeide_1.11.0/stm32cubeide/plugins/com.st.stm32cube.ide.mcu.externaltools.gnu-tools-for-stm32.10.3-2021.10.win32_1.0.200.202301161003/tools/bin/../lib/gcc/arm-none-eabi/10.3.1/../../../../arm-none-eabi/lib/thumb/v7-m/nofp\libc_nano.a
START GROUP
LOAD c:/st/stm32cubeide_1.11.0/stm32cubeide/plugins/com.st.stm32cube.ide.mcu.externaltools.gnu-tools-for-stm32.10.3-2021.10.win32_1.0.200.202301161003/tools/bin/../lib/gcc/arm-none-eabi/10.3.1/thumb/v7-m/nofp\libgcc.a
LOAD c:/st/stm32cubeide_1.11.0/stm32cubeide/plugins/com.st.stm32cube.ide.mcu.externaltools.gnu-tools-for-stm32.10.3-2021.10.win32_1.0.200.202301161003/tools/bin/../lib/gcc/arm-none-eabi/10.3.1/../../../../arm-none-eabi/lib/thumb/v7-m/nofp\libc_nano.a
END GROUP
START GROUP
LOAD c:/st/stm32cubeide_1.11.0/stm32cubeide/plugins/com.st.stm32cube.ide.mcu.externaltools.gnu-tools-for-stm32.10.3-2021.10.win32_1.0.200.202301161003/tools/bin/../lib/gcc/arm-none-eabi/10.3.1/thumb/v7-m/nofp\libgcc.a
LOAD c:/st/stm32cubeide_1.11.0/stm32cubeide/plugins/com.st.stm32cube.ide.mcu.externaltools.gnu-tools-for-stm32.10.3-2021.10.win32_1.0.200.202301161003/tools/bin/../lib/gcc/arm-none-eabi/10.3.1/../../../../arm-none-eabi/lib/thumb/v7-m/nofp\libc_nano.a
LOAD c:/st/stm32cubeide_1.11.0/stm32cubeide/plugins/com.st.stm32cube.ide.mcu.externaltools.gnu-tools-for-stm32.10.3-2021.10.win32_1.0.200.202301161003/tools/bin/../lib/gcc/arm-none-eabi/10.3.1/../../../../arm-none-eabi/lib/thumb/v7-m/nofp\libnosys.a
END GROUP
START GROUP
LOAD c:/st/stm32cubeide_1.11.0/stm32cubeide/plugins/com.st.stm32cube.ide.mcu.externaltools.gnu-tools-for-stm32.10.3-2021.10.win32_1.0.200.202301161003/tools/bin/../lib/gcc/arm-none-eabi/10.3.1/thumb/v7-m/nofp\libgcc.a
LOAD c:/st/stm32cubeide_1.11.0/stm32cubeide/plugins/com.st.stm32cube.ide.mcu.externaltools.gnu-tools-for-stm32.10.3-2021.10.win32_1.0.200.202301161003/tools/bin/../lib/gcc/arm-none-eabi/10.3.1/../../../../arm-none-eabi/lib/thumb/v7-m/nofp\libc_nano.a
LOAD c:/st/stm32cubeide_1.11.0/stm32cubeide/plugins/com.st.stm32cube.ide.mcu.externaltools.gnu-tools-for-stm32.10.3-2021.10.win32_1.0.200.202301161003/tools/bin/../lib/gcc/arm-none-eabi/10.3.1/../../../../arm-none-eabi/lib/thumb/v7-m/nofp\libnosys.a
END GROUP
LOAD c:/st/stm32cubeide_1.11.0/stm32cubeide/plugins/com.st.stm32cube.ide.mcu.externaltools.gnu-tools-for-stm32.10.3-2021.10.win32_1.0.200.202301161003/tools/bin/../lib/gcc/arm-none-eabi/10.3.1/thumb/v7-m/nofp/crtend.o
LOAD c:/st/stm32cubeide_1.11.0/stm32cubeide/plugins/com.st.stm32cube.ide.mcu.externaltools.gnu-tools-for-stm32.10.3-2021.10.win32_1.0.200.202301161003/tools/bin/../lib/gcc/arm-none-eabi/10.3.1/thumb/v7-m/nofp/crtn.o
                0x0000000020002800                _estack = (ORIGIN (RAM) + LENGTH (RAM))
                0x0000000000000200                _Min_Heap_Size = 0x200
                0x0000000000000400                _Min_Stack_Size = 0x400

.isr_vector     0x0000000008000000      0x10c
                0x0000000008000000                . = ALIGN (0x4)
 *(.isr_vector)
 .isr_vector    0x0000000008000000      0x10c ./Core/Startup/startup_stm32f103c6tx.o
                0x0000000008000000                g_pfnVectors
                0x000000000800010c                . = ALIGN (0x4)

.text           0x000000000800010c     0x1798
                0x000000000800010c                . = ALIGN (0x4)
 *(.text)
 .text          0x000000000800010c       0x40 c:/st/stm32cubeide_1.11.0/stm32cubeide/plugins/com.st.stm32cube.ide.mcu.externaltools.gnu-tools-for-stm32.10.3-2021.10.win32_1.0.200.202301161003/tools/bin/../lib/gcc/arm-none-eabi/10.3.1/thumb/v7-m/nofp/crtbegin.o
 *(.text*)
 .text.MX_CAN_Init
                0x000000000800014c       0x6c ./Core/Src/can.o
                0x000000000800014c                MX_CAN_Init
 .text.HAL_CAN_MspInit
                0x00000000080001b8       0xc0 ./Core/Src/can.o
                0x00000000080001b8                HAL_CAN_MspInit
 .text.HAL_CAN_MspDeInit
                0x0000000008000278       0x3c ./Core/Src/can.o
                0x0000000008000278                HAL_CAN_MspDeInit
 .text.MX_GPIO_Init
                0x00000000080002b4       0x94 ./Core/Src/gpio.o
                0x00000000080002b4                MX_GPIO_Init
 .text.main     0x0000000008000348       0x24 ./Core/Src/main.o
                0x0000000008000348                main
 .text.SystemClock_Config
                0x000000000800036c       0x8a ./Core/Src/main.o
                0x000000000800036c                SystemClock_Config
 .text.Error_Handler
                0x00000000080003f6        0xa ./Core/Src/main.o
                0x00000000080003f6                Error_Handler
 .text.HAL_MspInit
                0x0000000008000400       0x64 ./Core/Src/stm32f1xx_hal_msp.o
                0x0000000008000400                HAL_MspInit
 .text.NMI_Handler
                0x0000000008000464        0x6 ./Core/Src/stm32f1xx_it.o
                0x0000000008000464                NMI_Handler
 .text.HardFault_Handler
                0x000000000800046a        0x6 ./Core/Src/stm32f1xx_it.o
                0x000000000800046a                HardFault_Handler
 .text.MemManage_Handler
                0x0000000008000470        0x6 ./Core/Src/stm32f1xx_it.o
                0x0000000008000470                MemManage_Handler
 .text.BusFault_Handler
                0x0000000008000476        0x6 ./Core/Src/stm32f1xx_it.o
                0x0000000008000476                BusFault_Handler
 .text.UsageFault_Handler
                0x000000000800047c        0x6 ./Core/Src/stm32f1xx_it.o
                0x000000000800047c                UsageFault_Handler
 .text.SVC_Handler
                0x0000000008000482        0xc ./Core/Src/stm32f1xx_it.o
                0x0000000008000482                SVC_Handler
 .text.DebugMon_Handler
                0x000000000800048e        0xc ./Core/Src/stm32f1xx_it.o
                0x000000000800048e                DebugMon_Handler
 .text.PendSV_Handler
                0x000000000800049a        0xc ./Core/Src/stm32f1xx_it.o
                0x000000000800049a                PendSV_Handler
 .text.SysTick_Handler
                0x00000000080004a6        0xc ./Core/Src/stm32f1xx_it.o
                0x00000000080004a6                SysTick_Handler
 .text.SystemInit
                0x00000000080004b2        0xc ./Core/Src/system_stm32f1xx.o
                0x00000000080004b2                SystemInit
 *fill*         0x00000000080004be        0x2 
 .text._ZN6CRSLib3Can5Stm326RM000813FilterManager10initializeILh1EEEvhRAT__NS2_12FilterConfigE
                0x00000000080004c0       0x70 ./Core/Src/wrapper.o
                0x00000000080004c0                void CRSLib::Can::Stm32::RM0008::FilterManager::initialize<(unsigned char)1>(unsigned char, CRSLib::Can::Stm32::RM0008::FilterConfig (&) [(unsigned char)1])
 .text._Z19init_can_msp_filterv
                0x0000000008000530       0x78 ./Core/Src/wrapper.o
                0x0000000008000530                init_can_msp_filter()
 .text.main_cpp
                0x00000000080005a8       0x84 ./Core/Src/wrapper.o
                0x00000000080005a8                main_cpp
 .text.Reset_Handler
                0x000000000800062c       0x48 ./Core/Startup/startup_stm32f103c6tx.o
                0x000000000800062c                Reset_Handler
 .text.Default_Handler
                0x0000000008000674        0x2 ./Core/Startup/startup_stm32f103c6tx.o
                0x0000000008000674                RTC_Alarm_IRQHandler
                0x0000000008000674                EXTI2_IRQHandler
                0x0000000008000674                TIM1_CC_IRQHandler
                0x0000000008000674                PVD_IRQHandler
                0x0000000008000674                EXTI3_IRQHandler
                0x0000000008000674                EXTI0_IRQHandler
                0x0000000008000674                ADC1_2_IRQHandler
                0x0000000008000674                SPI1_IRQHandler
                0x0000000008000674                TAMPER_IRQHandler
                0x0000000008000674                DMA1_Channel4_IRQHandler
                0x0000000008000674                RTC_IRQHandler
                0x0000000008000674                DMA1_Channel7_IRQHandler
                0x0000000008000674                CAN1_RX1_IRQHandler
                0x0000000008000674                I2C1_EV_IRQHandler
                0x0000000008000674                DMA1_Channel6_IRQHandler
                0x0000000008000674                TIM3_IRQHandler
                0x0000000008000674                RCC_IRQHandler
                0x0000000008000674                TIM1_TRG_COM_IRQHandler
                0x0000000008000674                DMA1_Channel1_IRQHandler
                0x0000000008000674                Default_Handler
                0x0000000008000674                EXTI15_10_IRQHandler
                0x0000000008000674                EXTI9_5_IRQHandler
                0x0000000008000674                DMA1_Channel5_IRQHandler
                0x0000000008000674                EXTI4_IRQHandler
                0x0000000008000674                USB_LP_CAN1_RX0_IRQHandler
                0x0000000008000674                USB_HP_CAN1_TX_IRQHandler
                0x0000000008000674                DMA1_Channel3_IRQHandler
                0x0000000008000674                TIM1_UP_IRQHandler
                0x0000000008000674                WWDG_IRQHandler
                0x0000000008000674                TIM2_IRQHandler
                0x0000000008000674                TIM1_BRK_IRQHandler
                0x0000000008000674                EXTI1_IRQHandler
                0x0000000008000674                USART2_IRQHandler
                0x0000000008000674                DMA1_Channel2_IRQHandler
                0x0000000008000674                CAN1_SCE_IRQHandler
                0x0000000008000674                FLASH_IRQHandler
                0x0000000008000674                USART1_IRQHandler
                0x0000000008000674                I2C1_ER_IRQHandler
                0x0000000008000674                USBWakeUp_IRQHandler
 *fill*         0x0000000008000676        0x2 
 .text.HAL_Init
                0x0000000008000678       0x2c ./Drivers/STM32F1xx_HAL_Driver/Src/stm32f1xx_hal.o
                0x0000000008000678                HAL_Init
 .text.HAL_InitTick
                0x00000000080006a4       0x60 ./Drivers/STM32F1xx_HAL_Driver/Src/stm32f1xx_hal.o
                0x00000000080006a4                HAL_InitTick
 .text.HAL_IncTick
                0x0000000008000704       0x24 ./Drivers/STM32F1xx_HAL_Driver/Src/stm32f1xx_hal.o
                0x0000000008000704                HAL_IncTick
 .text.HAL_GetTick
                0x0000000008000728       0x14 ./Drivers/STM32F1xx_HAL_Driver/Src/stm32f1xx_hal.o
                0x0000000008000728                HAL_GetTick
 .text.HAL_CAN_Init
                0x000000000800073c      0x1f6 ./Drivers/STM32F1xx_HAL_Driver/Src/stm32f1xx_hal_can.o
                0x000000000800073c                HAL_CAN_Init
 .text.HAL_CAN_DeInit
                0x0000000008000932       0x46 ./Drivers/STM32F1xx_HAL_Driver/Src/stm32f1xx_hal_can.o
                0x0000000008000932                HAL_CAN_DeInit
 .text.HAL_CAN_Stop
                0x0000000008000978       0x92 ./Drivers/STM32F1xx_HAL_Driver/Src/stm32f1xx_hal_can.o
                0x0000000008000978                HAL_CAN_Stop
 *fill*         0x0000000008000a0a        0x2 
 .text.__NVIC_SetPriorityGrouping
                0x0000000008000a0c       0x48 ./Drivers/STM32F1xx_HAL_Driver/Src/stm32f1xx_hal_cortex.o
 .text.__NVIC_GetPriorityGrouping
                0x0000000008000a54       0x1c ./Drivers/STM32F1xx_HAL_Driver/Src/stm32f1xx_hal_cortex.o
 .text.__NVIC_SetPriority
                0x0000000008000a70       0x54 ./Drivers/STM32F1xx_HAL_Driver/Src/stm32f1xx_hal_cortex.o
 .text.NVIC_EncodePriority
                0x0000000008000ac4       0x64 ./Drivers/STM32F1xx_HAL_Driver/Src/stm32f1xx_hal_cortex.o
 .text.SysTick_Config
                0x0000000008000b28       0x44 ./Drivers/STM32F1xx_HAL_Driver/Src/stm32f1xx_hal_cortex.o
 .text.HAL_NVIC_SetPriorityGrouping
                0x0000000008000b6c       0x16 ./Drivers/STM32F1xx_HAL_Driver/Src/stm32f1xx_hal_cortex.o
                0x0000000008000b6c                HAL_NVIC_SetPriorityGrouping
 .text.HAL_NVIC_SetPriority
                0x0000000008000b82       0x38 ./Drivers/STM32F1xx_HAL_Driver/Src/stm32f1xx_hal_cortex.o
                0x0000000008000b82                HAL_NVIC_SetPriority
 .text.HAL_SYSTICK_Config
                0x0000000008000bba       0x18 ./Drivers/STM32F1xx_HAL_Driver/Src/stm32f1xx_hal_cortex.o
                0x0000000008000bba                HAL_SYSTICK_Config
 *fill*         0x0000000008000bd2        0x2 
 .text.HAL_GPIO_Init
                0x0000000008000bd4      0x2f8 ./Drivers/STM32F1xx_HAL_Driver/Src/stm32f1xx_hal_gpio.o
                0x0000000008000bd4                HAL_GPIO_Init
 .text.HAL_GPIO_DeInit
                0x0000000008000ecc      0x168 ./Drivers/STM32F1xx_HAL_Driver/Src/stm32f1xx_hal_gpio.o
                0x0000000008000ecc                HAL_GPIO_DeInit
 .text.HAL_GPIO_WritePin
                0x0000000008001034       0x30 ./Drivers/STM32F1xx_HAL_Driver/Src/stm32f1xx_hal_gpio.o
                0x0000000008001034                HAL_GPIO_WritePin
 .text.HAL_RCC_OscConfig
                0x0000000008001064      0x504 ./Drivers/STM32F1xx_HAL_Driver/Src/stm32f1xx_hal_rcc.o
                0x0000000008001064                HAL_RCC_OscConfig
 .text.HAL_RCC_ClockConfig
                0x0000000008001568      0x1d4 ./Drivers/STM32F1xx_HAL_Driver/Src/stm32f1xx_hal_rcc.o
                0x0000000008001568                HAL_RCC_ClockConfig
 .text.HAL_RCC_GetSysClockFreq
                0x000000000800173c       0xbc ./Drivers/STM32F1xx_HAL_Driver/Src/stm32f1xx_hal_rcc.o
                0x000000000800173c                HAL_RCC_GetSysClockFreq
 .text.RCC_Delay
                0x00000000080017f8       0x3c ./Drivers/STM32F1xx_HAL_Driver/Src/stm32f1xx_hal_rcc.o
 .text.__libc_init_array
                0x0000000008001834       0x48 c:/st/stm32cubeide_1.11.0/stm32cubeide/plugins/com.st.stm32cube.ide.mcu.externaltools.gnu-tools-for-stm32.10.3-2021.10.win32_1.0.200.202301161003/tools/bin/../lib/gcc/arm-none-eabi/10.3.1/../../../../arm-none-eabi/lib/thumb/v7-m/nofp\libc_nano.a(lib_a-init.o)
                0x0000000008001834                __libc_init_array
 .text.memset   0x000000000800187c       0x10 c:/st/stm32cubeide_1.11.0/stm32cubeide/plugins/com.st.stm32cube.ide.mcu.externaltools.gnu-tools-for-stm32.10.3-2021.10.win32_1.0.200.202301161003/tools/bin/../lib/gcc/arm-none-eabi/10.3.1/../../../../arm-none-eabi/lib/thumb/v7-m/nofp\libc_nano.a(lib_a-memset.o)
                0x000000000800187c                memset
 *(.glue_7)
 .glue_7        0x000000000800188c        0x0 linker stubs
 *(.glue_7t)
 .glue_7t       0x000000000800188c        0x0 linker stubs
 *(.eh_frame)
 .eh_frame      0x000000000800188c        0x0 c:/st/stm32cubeide_1.11.0/stm32cubeide/plugins/com.st.stm32cube.ide.mcu.externaltools.gnu-tools-for-stm32.10.3-2021.10.win32_1.0.200.202301161003/tools/bin/../lib/gcc/arm-none-eabi/10.3.1/thumb/v7-m/nofp/crtbegin.o
 *(.init)
 .init          0x000000000800188c        0x4 c:/st/stm32cubeide_1.11.0/stm32cubeide/plugins/com.st.stm32cube.ide.mcu.externaltools.gnu-tools-for-stm32.10.3-2021.10.win32_1.0.200.202301161003/tools/bin/../lib/gcc/arm-none-eabi/10.3.1/thumb/v7-m/nofp/crti.o
                0x000000000800188c                _init
 .init          0x0000000008001890        0x8 c:/st/stm32cubeide_1.11.0/stm32cubeide/plugins/com.st.stm32cube.ide.mcu.externaltools.gnu-tools-for-stm32.10.3-2021.10.win32_1.0.200.202301161003/tools/bin/../lib/gcc/arm-none-eabi/10.3.1/thumb/v7-m/nofp/crtn.o
 *(.fini)
 .fini          0x0000000008001898        0x4 c:/st/stm32cubeide_1.11.0/stm32cubeide/plugins/com.st.stm32cube.ide.mcu.externaltools.gnu-tools-for-stm32.10.3-2021.10.win32_1.0.200.202301161003/tools/bin/../lib/gcc/arm-none-eabi/10.3.1/thumb/v7-m/nofp/crti.o
                0x0000000008001898                _fini
 .fini          0x000000000800189c        0x8 c:/st/stm32cubeide_1.11.0/stm32cubeide/plugins/com.st.stm32cube.ide.mcu.externaltools.gnu-tools-for-stm32.10.3-2021.10.win32_1.0.200.202301161003/tools/bin/../lib/gcc/arm-none-eabi/10.3.1/thumb/v7-m/nofp/crtn.o
                0x00000000080018a4                . = ALIGN (0x4)
                0x00000000080018a4                _etext = .

.vfp11_veneer   0x00000000080018a4        0x0
 .vfp11_veneer  0x00000000080018a4        0x0 linker stubs

.v4_bx          0x00000000080018a4        0x0
 .v4_bx         0x00000000080018a4        0x0 linker stubs

.iplt           0x00000000080018a4        0x0
 .iplt          0x00000000080018a4        0x0 c:/st/stm32cubeide_1.11.0/stm32cubeide/plugins/com.st.stm32cube.ide.mcu.externaltools.gnu-tools-for-stm32.10.3-2021.10.win32_1.0.200.202301161003/tools/bin/../lib/gcc/arm-none-eabi/10.3.1/thumb/v7-m/nofp/crtbegin.o

.rodata         0x00000000080018a4       0x38
                0x00000000080018a4                . = ALIGN (0x4)
 *(.rodata)
 .rodata        0x00000000080018a4        0x4 ./Core/Src/wrapper.o
 .rodata        0x00000000080018a8       0x10 ./Drivers/STM32F1xx_HAL_Driver/Src/stm32f1xx_hal_rcc.o
 *(.rodata*)
 .rodata.AHBPrescTable
                0x00000000080018b8       0x10 ./Core/Src/system_stm32f1xx.o
                0x00000000080018b8                AHBPrescTable
 .rodata._Z19init_can_msp_filterv.str1.1
                0x00000000080018c8       0x13 ./Core/Src/wrapper.o
                0x00000000080018dc                . = ALIGN (0x4)
 *fill*         0x00000000080018db        0x1 

.rel.dyn        0x00000000080018dc        0x0
 .rel.iplt      0x00000000080018dc        0x0 c:/st/stm32cubeide_1.11.0/stm32cubeide/plugins/com.st.stm32cube.ide.mcu.externaltools.gnu-tools-for-stm32.10.3-2021.10.win32_1.0.200.202301161003/tools/bin/../lib/gcc/arm-none-eabi/10.3.1/thumb/v7-m/nofp/crtbegin.o

.ARM.extab      0x00000000080018dc        0x0
                0x00000000080018dc                . = ALIGN (0x4)
 *(.ARM.extab* .gnu.linkonce.armextab.*)
                0x00000000080018dc                . = ALIGN (0x4)

.ARM            0x00000000080018dc        0x0
                0x00000000080018dc                . = ALIGN (0x4)
                0x00000000080018dc                __exidx_start = .
 *(.ARM.exidx*)
                0x00000000080018dc                __exidx_end = .
                0x00000000080018dc                . = ALIGN (0x4)

.preinit_array  0x00000000080018dc        0x0
                0x00000000080018dc                . = ALIGN (0x4)
                0x00000000080018dc                PROVIDE (__preinit_array_start = .)
 *(.preinit_array*)
                0x00000000080018dc                PROVIDE (__preinit_array_end = .)
                0x00000000080018dc                . = ALIGN (0x4)

.init_array     0x00000000080018dc        0x4
                0x00000000080018dc                . = ALIGN (0x4)
                0x00000000080018dc                PROVIDE (__init_array_start = .)
 *(SORT_BY_NAME(.init_array.*))
 *(.init_array*)
 .init_array    0x00000000080018dc        0x4 c:/st/stm32cubeide_1.11.0/stm32cubeide/plugins/com.st.stm32cube.ide.mcu.externaltools.gnu-tools-for-stm32.10.3-2021.10.win32_1.0.200.202301161003/tools/bin/../lib/gcc/arm-none-eabi/10.3.1/thumb/v7-m/nofp/crtbegin.o
                0x00000000080018e0                PROVIDE (__init_array_end = .)
                0x00000000080018e0                . = ALIGN (0x4)

.fini_array     0x00000000080018e0        0x4
                0x00000000080018e0                . = ALIGN (0x4)
                [!provide]                        PROVIDE (__fini_array_start = .)
 *(SORT_BY_NAME(.fini_array.*))
 *(.fini_array*)
 .fini_array    0x00000000080018e0        0x4 c:/st/stm32cubeide_1.11.0/stm32cubeide/plugins/com.st.stm32cube.ide.mcu.externaltools.gnu-tools-for-stm32.10.3-2021.10.win32_1.0.200.202301161003/tools/bin/../lib/gcc/arm-none-eabi/10.3.1/thumb/v7-m/nofp/crtbegin.o
                [!provide]                        PROVIDE (__fini_array_end = .)
                0x00000000080018e4                . = ALIGN (0x4)
                0x00000000080018e4                _sidata = LOADADDR (.data)

.data           0x0000000020000000        0xc load address 0x00000000080018e4
                0x0000000020000000                . = ALIGN (0x4)
                0x0000000020000000                _sdata = .
 *(.data)
 *(.data*)
 .data.SystemCoreClock
                0x0000000020000000        0x4 ./Core/Src/system_stm32f1xx.o
                0x0000000020000000                SystemCoreClock
 .data.uwTickPrio
                0x0000000020000004        0x4 ./Drivers/STM32F1xx_HAL_Driver/Src/stm32f1xx_hal.o
                0x0000000020000004                uwTickPrio
 .data.uwTickFreq
                0x0000000020000008        0x1 ./Drivers/STM32F1xx_HAL_Driver/Src/stm32f1xx_hal.o
                0x0000000020000008                uwTickFreq
 *(.RamFunc)
 *(.RamFunc*)
                0x000000002000000c                . = ALIGN (0x4)
 *fill*         0x0000000020000009        0x3 
                0x000000002000000c                _edata = .

.igot.plt       0x000000002000000c        0x0 load address 0x00000000080018f0
 .igot.plt      0x000000002000000c        0x0 c:/st/stm32cubeide_1.11.0/stm32cubeide/plugins/com.st.stm32cube.ide.mcu.externaltools.gnu-tools-for-stm32.10.3-2021.10.win32_1.0.200.202301161003/tools/bin/../lib/gcc/arm-none-eabi/10.3.1/thumb/v7-m/nofp/crtbegin.o
                0x000000002000000c                . = ALIGN (0x4)

.bss            0x000000002000000c       0x4c load address 0x00000000080018f0
                0x000000002000000c                _sbss = .
                0x000000002000000c                __bss_start__ = _sbss
 *(.bss)
 .bss           0x000000002000000c       0x1c c:/st/stm32cubeide_1.11.0/stm32cubeide/plugins/com.st.stm32cube.ide.mcu.externaltools.gnu-tools-for-stm32.10.3-2021.10.win32_1.0.200.202301161003/tools/bin/../lib/gcc/arm-none-eabi/10.3.1/thumb/v7-m/nofp/crtbegin.o
 *(.bss*)
 .bss.hcan      0x0000000020000028       0x28 ./Core/Src/can.o
                0x0000000020000028                hcan
 .bss.error_msg
                0x0000000020000050        0x4 ./Core/Src/wrapper.o
                0x0000000020000050                error_msg
 .bss.uwTick    0x0000000020000054        0x4 ./Drivers/STM32F1xx_HAL_Driver/Src/stm32f1xx_hal.o
                0x0000000020000054                uwTick
 *(COMMON)
                0x0000000020000058                . = ALIGN (0x4)
                0x0000000020000058                _ebss = .
                0x0000000020000058                __bss_end__ = _ebss

._user_heap_stack
                0x0000000020000058      0x600 load address 0x00000000080018f0
                0x0000000020000058                . = ALIGN (0x8)
                [!provide]                        PROVIDE (end = .)
                0x0000000020000058                PROVIDE (_end = .)
                0x0000000020000258                . = (. + _Min_Heap_Size)
 *fill*         0x0000000020000058      0x200 
                0x0000000020000658                . = (. + _Min_Stack_Size)
 *fill*         0x0000000020000258      0x400 
                0x0000000020000658                . = ALIGN (0x8)

/DISCARD/
 libc.a(*)
 libm.a(*)
 libgcc.a(*)

.ARM.attributes
                0x0000000000000000       0x29
 *(.ARM.attributes)
 .ARM.attributes
                0x0000000000000000       0x1d c:/st/stm32cubeide_1.11.0/stm32cubeide/plugins/com.st.stm32cube.ide.mcu.externaltools.gnu-tools-for-stm32.10.3-2021.10.win32_1.0.200.202301161003/tools/bin/../lib/gcc/arm-none-eabi/10.3.1/thumb/v7-m/nofp/crti.o
 .ARM.attributes
                0x000000000000001d       0x2d c:/st/stm32cubeide_1.11.0/stm32cubeide/plugins/com.st.stm32cube.ide.mcu.externaltools.gnu-tools-for-stm32.10.3-2021.10.win32_1.0.200.202301161003/tools/bin/../lib/gcc/arm-none-eabi/10.3.1/thumb/v7-m/nofp/crtbegin.o
 .ARM.attributes
                0x000000000000004a       0x2d ./Core/Src/can.o
 .ARM.attributes
                0x0000000000000077       0x2d ./Core/Src/gpio.o
 .ARM.attributes
                0x00000000000000a4       0x2d ./Core/Src/main.o
 .ARM.attributes
                0x00000000000000d1       0x2d ./Core/Src/stm32f1xx_hal_msp.o
 .ARM.attributes
                0x00000000000000fe       0x2d ./Core/Src/stm32f1xx_it.o
 .ARM.attributes
                0x000000000000012b       0x2d ./Core/Src/system_stm32f1xx.o
 .ARM.attributes
                0x0000000000000158       0x2d ./Core/Src/wrapper.o
 .ARM.attributes
                0x0000000000000185       0x21 ./Core/Startup/startup_stm32f103c6tx.o
 .ARM.attributes
                0x00000000000001a6       0x2d ./Drivers/STM32F1xx_HAL_Driver/Src/stm32f1xx_hal.o
 .ARM.attributes
                0x00000000000001d3       0x2d ./Drivers/STM32F1xx_HAL_Driver/Src/stm32f1xx_hal_can.o
 .ARM.attributes
                0x0000000000000200       0x2d ./Drivers/STM32F1xx_HAL_Driver/Src/stm32f1xx_hal_cortex.o
 .ARM.attributes
                0x000000000000022d       0x2d ./Drivers/STM32F1xx_HAL_Driver/Src/stm32f1xx_hal_gpio.o
 .ARM.attributes
                0x000000000000025a       0x2d ./Drivers/STM32F1xx_HAL_Driver/Src/stm32f1xx_hal_rcc.o
 .ARM.attributes
                0x0000000000000287       0x2d c:/st/stm32cubeide_1.11.0/stm32cubeide/plugins/com.st.stm32cube.ide.mcu.externaltools.gnu-tools-for-stm32.10.3-2021.10.win32_1.0.200.202301161003/tools/bin/../lib/gcc/arm-none-eabi/10.3.1/../../../../arm-none-eabi/lib/thumb/v7-m/nofp\libc_nano.a(lib_a-init.o)
 .ARM.attributes
                0x00000000000002b4       0x2d c:/st/stm32cubeide_1.11.0/stm32cubeide/plugins/com.st.stm32cube.ide.mcu.externaltools.gnu-tools-for-stm32.10.3-2021.10.win32_1.0.200.202301161003/tools/bin/../lib/gcc/arm-none-eabi/10.3.1/../../../../arm-none-eabi/lib/thumb/v7-m/nofp\libc_nano.a(lib_a-memset.o)
 .ARM.attributes
                0x00000000000002e1       0x1d c:/st/stm32cubeide_1.11.0/stm32cubeide/plugins/com.st.stm32cube.ide.mcu.externaltools.gnu-tools-for-stm32.10.3-2021.10.win32_1.0.200.202301161003/tools/bin/../lib/gcc/arm-none-eabi/10.3.1/thumb/v7-m/nofp/crtn.o
OUTPUT(nhk23CanTest.elf elf32-littlearm)
LOAD linker stubs
LOAD c:/st/stm32cubeide_1.11.0/stm32cubeide/plugins/com.st.stm32cube.ide.mcu.externaltools.gnu-tools-for-stm32.10.3-2021.10.win32_1.0.200.202301161003/tools/bin/../lib/gcc/arm-none-eabi/10.3.1/../../../../arm-none-eabi/lib/thumb/v7-m/nofp\libc.a
LOAD c:/st/stm32cubeide_1.11.0/stm32cubeide/plugins/com.st.stm32cube.ide.mcu.externaltools.gnu-tools-for-stm32.10.3-2021.10.win32_1.0.200.202301161003/tools/bin/../lib/gcc/arm-none-eabi/10.3.1/../../../../arm-none-eabi/lib/thumb/v7-m/nofp\libm.a
LOAD c:/st/stm32cubeide_1.11.0/stm32cubeide/plugins/com.st.stm32cube.ide.mcu.externaltools.gnu-tools-for-stm32.10.3-2021.10.win32_1.0.200.202301161003/tools/bin/../lib/gcc/arm-none-eabi/10.3.1/thumb/v7-m/nofp\libgcc.a

.debug_info     0x0000000000000000     0x8d33
 .debug_info    0x0000000000000000      0x7bd ./Core/Src/can.o
 .debug_info    0x00000000000007bd      0x2ee ./Core/Src/gpio.o
 .debug_info    0x0000000000000aab      0x6a7 ./Core/Src/main.o
 .debug_info    0x0000000000001152      0x210 ./Core/Src/stm32f1xx_hal_msp.o
 .debug_info    0x0000000000001362      0x122 ./Core/Src/stm32f1xx_it.o
 .debug_info    0x0000000000001484      0x23d ./Core/Src/system_stm32f1xx.o
 .debug_info    0x00000000000016c1     0x4610 ./Core/Src/wrapper.o
 .debug_info    0x0000000000005cd1       0x22 ./Core/Startup/startup_stm32f103c6tx.o
 .debug_info    0x0000000000005cf3      0x716 ./Drivers/STM32F1xx_HAL_Driver/Src/stm32f1xx_hal.o
 .debug_info    0x0000000000006409      0xfb3 ./Drivers/STM32F1xx_HAL_Driver/Src/stm32f1xx_hal_can.o
 .debug_info    0x00000000000073bc      0xb02 ./Drivers/STM32F1xx_HAL_Driver/Src/stm32f1xx_hal_cortex.o
 .debug_info    0x0000000000007ebe      0x615 ./Drivers/STM32F1xx_HAL_Driver/Src/stm32f1xx_hal_gpio.o
 .debug_info    0x00000000000084d3      0x860 ./Drivers/STM32F1xx_HAL_Driver/Src/stm32f1xx_hal_rcc.o

.debug_abbrev   0x0000000000000000     0x1d2f
 .debug_abbrev  0x0000000000000000      0x201 ./Core/Src/can.o
 .debug_abbrev  0x0000000000000201      0x134 ./Core/Src/gpio.o
 .debug_abbrev  0x0000000000000335      0x209 ./Core/Src/main.o
 .debug_abbrev  0x000000000000053e       0xd4 ./Core/Src/stm32f1xx_hal_msp.o
 .debug_abbrev  0x0000000000000612       0x74 ./Core/Src/stm32f1xx_it.o
 .debug_abbrev  0x0000000000000686      0x13b ./Core/Src/system_stm32f1xx.o
 .debug_abbrev  0x00000000000007c1      0xa05 ./Core/Src/wrapper.o
 .debug_abbrev  0x00000000000011c6       0x12 ./Core/Startup/startup_stm32f103c6tx.o
 .debug_abbrev  0x00000000000011d8      0x1fb ./Drivers/STM32F1xx_HAL_Driver/Src/stm32f1xx_hal.o
 .debug_abbrev  0x00000000000013d3      0x20c ./Drivers/STM32F1xx_HAL_Driver/Src/stm32f1xx_hal_can.o
 .debug_abbrev  0x00000000000015df      0x2ed ./Drivers/STM32F1xx_HAL_Driver/Src/stm32f1xx_hal_cortex.o
 .debug_abbrev  0x00000000000018cc      0x1bb ./Drivers/STM32F1xx_HAL_Driver/Src/stm32f1xx_hal_gpio.o
 .debug_abbrev  0x0000000000001a87      0x2a8 ./Drivers/STM32F1xx_HAL_Driver/Src/stm32f1xx_hal_rcc.o

.debug_aranges  0x0000000000000000      0x580
 .debug_aranges
                0x0000000000000000       0x30 ./Core/Src/can.o
 .debug_aranges
                0x0000000000000030       0x20 ./Core/Src/gpio.o
 .debug_aranges
                0x0000000000000050       0x30 ./Core/Src/main.o
 .debug_aranges
                0x0000000000000080       0x20 ./Core/Src/stm32f1xx_hal_msp.o
 .debug_aranges
                0x00000000000000a0       0x60 ./Core/Src/stm32f1xx_it.o
 .debug_aranges
                0x0000000000000100       0x28 ./Core/Src/system_stm32f1xx.o
 .debug_aranges
                0x0000000000000128       0x30 ./Core/Src/wrapper.o
 .debug_aranges
                0x0000000000000158       0x28 ./Core/Startup/startup_stm32f103c6tx.o
 .debug_aranges
                0x0000000000000180       0xe0 ./Drivers/STM32F1xx_HAL_Driver/Src/stm32f1xx_hal.o
 .debug_aranges
                0x0000000000000260      0x138 ./Drivers/STM32F1xx_HAL_Driver/Src/stm32f1xx_hal_can.o
 .debug_aranges
                0x0000000000000398      0x100 ./Drivers/STM32F1xx_HAL_Driver/Src/stm32f1xx_hal_cortex.o
 .debug_aranges
                0x0000000000000498       0x58 ./Drivers/STM32F1xx_HAL_Driver/Src/stm32f1xx_hal_gpio.o
 .debug_aranges
                0x00000000000004f0       0x90 ./Drivers/STM32F1xx_HAL_Driver/Src/stm32f1xx_hal_rcc.o

.debug_ranges   0x0000000000000000      0x630
 .debug_ranges  0x0000000000000000       0x20 ./Core/Src/can.o
 .debug_ranges  0x0000000000000020       0x10 ./Core/Src/gpio.o
 .debug_ranges  0x0000000000000030       0x20 ./Core/Src/main.o
 .debug_ranges  0x0000000000000050       0x10 ./Core/Src/stm32f1xx_hal_msp.o
 .debug_ranges  0x0000000000000060       0x50 ./Core/Src/stm32f1xx_it.o
 .debug_ranges  0x00000000000000b0       0x18 ./Core/Src/system_stm32f1xx.o
 .debug_ranges  0x00000000000000c8      0x198 ./Core/Src/wrapper.o
 .debug_ranges  0x0000000000000260       0x20 ./Core/Startup/startup_stm32f103c6tx.o
 .debug_ranges  0x0000000000000280       0xd0 ./Drivers/STM32F1xx_HAL_Driver/Src/stm32f1xx_hal.o
 .debug_ranges  0x0000000000000350      0x128 ./Drivers/STM32F1xx_HAL_Driver/Src/stm32f1xx_hal_can.o
 .debug_ranges  0x0000000000000478       0xf0 ./Drivers/STM32F1xx_HAL_Driver/Src/stm32f1xx_hal_cortex.o
 .debug_ranges  0x0000000000000568       0x48 ./Drivers/STM32F1xx_HAL_Driver/Src/stm32f1xx_hal_gpio.o
 .debug_ranges  0x00000000000005b0       0x80 ./Drivers/STM32F1xx_HAL_Driver/Src/stm32f1xx_hal_rcc.o

.debug_macro    0x0000000000000000    0x19b4d
 .debug_macro   0x0000000000000000      0x1a1 ./Core/Src/can.o
 .debug_macro   0x00000000000001a1      0xa72 ./Core/Src/can.o
 .debug_macro   0x0000000000000c13      0x215 ./Core/Src/can.o
 .debug_macro   0x0000000000000e28       0x2e ./Core/Src/can.o
 .debug_macro   0x0000000000000e56       0x22 ./Core/Src/can.o
 .debug_macro   0x0000000000000e78       0x22 ./Core/Src/can.o
 .debug_macro   0x0000000000000e9a       0x56 ./Core/Src/can.o
 .debug_macro   0x0000000000000ef0       0x51 ./Core/Src/can.o
 .debug_macro   0x0000000000000f41      0x103 ./Core/Src/can.o
 .debug_macro   0x0000000000001044       0x6a ./Core/Src/can.o
 .debug_macro   0x00000000000010ae      0x1df ./Core/Src/can.o
 .debug_macro   0x000000000000128d       0x1c ./Core/Src/can.o
 .debug_macro   0x00000000000012a9       0x22 ./Core/Src/can.o
 .debug_macro   0x00000000000012cb       0xbd ./Core/Src/can.o
 .debug_macro   0x0000000000001388      0xd23 ./Core/Src/can.o
 .debug_macro   0x00000000000020ab     0xde75 ./Core/Src/can.o
 .debug_macro   0x000000000000ff20       0x6d ./Core/Src/can.o
 .debug_macro   0x000000000000ff8d     0x3468 ./Core/Src/can.o
 .debug_macro   0x00000000000133f5      0x174 ./Core/Src/can.o
 .debug_macro   0x0000000000013569       0x5c ./Core/Src/can.o
 .debug_macro   0x00000000000135c5      0x5be ./Core/Src/can.o
 .debug_macro   0x0000000000013b83      0x1b7 ./Core/Src/can.o
 .debug_macro   0x0000000000013d3a      0x1cb ./Core/Src/can.o
 .debug_macro   0x0000000000013f05      0x114 ./Core/Src/can.o
 .debug_macro   0x0000000000014019      0x1b2 ./Core/Src/can.o
 .debug_macro   0x00000000000141cb       0x27 ./Core/Src/can.o
 .debug_macro   0x00000000000141f2      0x12f ./Core/Src/can.o
 .debug_macro   0x0000000000014321      0x1bc ./Core/Src/can.o
 .debug_macro   0x00000000000144dd       0x34 ./Core/Src/can.o
 .debug_macro   0x0000000000014511       0x3c ./Core/Src/can.o
 .debug_macro   0x000000000001454d      0x408 ./Core/Src/can.o
 .debug_macro   0x0000000000014955       0x57 ./Core/Src/can.o
 .debug_macro   0x00000000000149ac       0x88 ./Core/Src/can.o
 .debug_macro   0x0000000000014a34      0x183 ./Core/Src/can.o
 .debug_macro   0x0000000000014bb7      0x141 ./Core/Src/can.o
 .debug_macro   0x0000000000014cf8       0x69 ./Core/Src/can.o
 .debug_macro   0x0000000000014d61      0x1a1 ./Core/Src/gpio.o
 .debug_macro   0x0000000000014f02      0x1b3 ./Core/Src/main.o
 .debug_macro   0x00000000000150b5      0x197 ./Core/Src/stm32f1xx_hal_msp.o
 .debug_macro   0x000000000001524c      0x1a1 ./Core/Src/stm32f1xx_it.o
 .debug_macro   0x00000000000153ed      0x18d ./Core/Src/system_stm32f1xx.o
 .debug_macro   0x000000000001557a      0x91a ./Core/Src/wrapper.o
 .debug_macro   0x0000000000015e94      0xc0a ./Core/Src/wrapper.o
 .debug_macro   0x0000000000016a9e       0x1c ./Core/Src/wrapper.o
 .debug_macro   0x0000000000016aba      0xd23 ./Core/Src/wrapper.o
 .debug_macro   0x00000000000177dd      0x17b ./Core/Src/wrapper.o
 .debug_macro   0x0000000000017958       0x28 ./Core/Src/wrapper.o
 .debug_macro   0x0000000000017980      0x18a ./Core/Src/wrapper.o
 .debug_macro   0x0000000000017b0a       0x10 ./Core/Src/wrapper.o
 .debug_macro   0x0000000000017b1a       0xba ./Core/Src/wrapper.o
 .debug_macro   0x0000000000017bd4       0xf7 ./Core/Src/wrapper.o
 .debug_macro   0x0000000000017ccb      0x34c ./Core/Src/wrapper.o
 .debug_macro   0x0000000000018017       0x10 ./Core/Src/wrapper.o
 .debug_macro   0x0000000000018027       0x94 ./Core/Src/wrapper.o
 .debug_macro   0x00000000000180bb       0x52 ./Core/Src/wrapper.o
 .debug_macro   0x000000000001810d       0x34 ./Core/Src/wrapper.o
 .debug_macro   0x0000000000018141       0x43 ./Core/Src/wrapper.o
 .debug_macro   0x0000000000018184       0x16 ./Core/Src/wrapper.o
 .debug_macro   0x000000000001819a      0x364 ./Core/Src/wrapper.o
 .debug_macro   0x00000000000184fe       0x10 ./Core/Src/wrapper.o
 .debug_macro   0x000000000001850e       0x35 ./Core/Src/wrapper.o
 .debug_macro   0x0000000000018543       0x20 ./Core/Src/wrapper.o
 .debug_macro   0x0000000000018563       0x8e ./Core/Src/wrapper.o
 .debug_macro   0x00000000000185f1       0x1f ./Core/Src/wrapper.o
 .debug_macro   0x0000000000018610       0x10 ./Core/Src/wrapper.o
 .debug_macro   0x0000000000018620       0x18 ./Core/Src/wrapper.o
 .debug_macro   0x0000000000018638       0x49 ./Core/Src/wrapper.o
 .debug_macro   0x0000000000018681       0x35 ./Core/Src/wrapper.o
 .debug_macro   0x00000000000186b6       0x1c ./Core/Src/wrapper.o
 .debug_macro   0x00000000000186d2       0x11 ./Core/Src/wrapper.o
 .debug_macro   0x00000000000186e3       0x17 ./Core/Src/wrapper.o
 .debug_macro   0x00000000000186fa       0x10 ./Core/Src/wrapper.o
 .debug_macro   0x000000000001870a       0x28 ./Core/Src/wrapper.o
 .debug_macro   0x0000000000018732       0x2e ./Core/Src/wrapper.o
 .debug_macro   0x0000000000018760       0x10 ./Core/Src/wrapper.o
 .debug_macro   0x0000000000018770       0x10 ./Core/Src/wrapper.o
 .debug_macro   0x0000000000018780       0x12 ./Core/Src/wrapper.o
 .debug_macro   0x0000000000018792       0x26 ./Core/Src/wrapper.o
 .debug_macro   0x00000000000187b8       0x2b ./Core/Src/wrapper.o
 .debug_macro   0x00000000000187e3       0x88 ./Core/Src/wrapper.o
 .debug_macro   0x000000000001886b       0x19 ./Core/Src/wrapper.o
 .debug_macro   0x0000000000018884       0x10 ./Core/Src/wrapper.o
 .debug_macro   0x0000000000018894       0x1c ./Core/Src/wrapper.o
 .debug_macro   0x00000000000188b0       0xde ./Core/Src/wrapper.o
 .debug_macro   0x000000000001898e       0x11 ./Core/Src/wrapper.o
 .debug_macro   0x000000000001899f      0x120 ./Core/Src/wrapper.o
 .debug_macro   0x0000000000018abf       0x12 ./Core/Src/wrapper.o
 .debug_macro   0x0000000000018ad1       0x22 ./Core/Src/wrapper.o
 .debug_macro   0x0000000000018af3       0x3c ./Core/Src/wrapper.o
 .debug_macro   0x0000000000018b2f       0x33 ./Core/Src/wrapper.o
 .debug_macro   0x0000000000018b62      0x173 ./Core/Src/wrapper.o
 .debug_macro   0x0000000000018cd5       0x10 ./Core/Src/wrapper.o
 .debug_macro   0x0000000000018ce5       0x2e ./Core/Src/wrapper.o
 .debug_macro   0x0000000000018d13       0x16 ./Core/Src/wrapper.o
 .debug_macro   0x0000000000018d29       0x46 ./Core/Src/wrapper.o
 .debug_macro   0x0000000000018d6f       0x5e ./Core/Src/wrapper.o
 .debug_macro   0x0000000000018dcd       0x11 ./Core/Src/wrapper.o
 .debug_macro   0x0000000000018dde       0x2f ./Core/Src/wrapper.o
 .debug_macro   0x0000000000018e0d       0x16 ./Core/Src/wrapper.o
 .debug_macro   0x0000000000018e23       0x11 ./Core/Src/wrapper.o
 .debug_macro   0x0000000000018e34       0x11 ./Core/Src/wrapper.o
 .debug_macro   0x0000000000018e45       0x11 ./Core/Src/wrapper.o
 .debug_macro   0x0000000000018e56       0x18 ./Core/Src/wrapper.o
 .debug_macro   0x0000000000018e6e       0x17 ./Core/Src/wrapper.o
 .debug_macro   0x0000000000018e85       0x1d ./Core/Src/wrapper.o
 .debug_macro   0x0000000000018ea2       0xbe ./Core/Src/wrapper.o
 .debug_macro   0x0000000000018f60      0x10d ./Core/Src/wrapper.o
 .debug_macro   0x000000000001906d      0x11d ./Core/Src/wrapper.o
 .debug_macro   0x000000000001918a       0x11 ./Core/Src/wrapper.o
 .debug_macro   0x000000000001919b       0x22 ./Core/Src/wrapper.o
 .debug_macro   0x00000000000191bd       0x10 ./Core/Src/wrapper.o
 .debug_macro   0x00000000000191cd       0x11 ./Core/Src/wrapper.o
 .debug_macro   0x00000000000191de       0x1f ./Core/Src/wrapper.o
 .debug_macro   0x00000000000191fd       0x10 ./Core/Src/wrapper.o
 .debug_macro   0x000000000001920d       0x11 ./Core/Src/wrapper.o
 .debug_macro   0x000000000001921e       0x10 ./Core/Src/wrapper.o
 .debug_macro   0x000000000001922e       0x11 ./Core/Src/wrapper.o
 .debug_macro   0x000000000001923f       0x2d ./Core/Src/wrapper.o
 .debug_macro   0x000000000001926c       0x26 ./Core/Src/wrapper.o
 .debug_macro   0x0000000000019292       0x41 ./Core/Src/wrapper.o
 .debug_macro   0x00000000000192d3       0x10 ./Core/Src/wrapper.o
 .debug_macro   0x00000000000192e3      0x1b1 ./Drivers/STM32F1xx_HAL_Driver/Src/stm32f1xx_hal.o
 .debug_macro   0x0000000000019494      0x195 ./Drivers/STM32F1xx_HAL_Driver/Src/stm32f1xx_hal_can.o
 .debug_macro   0x0000000000019629      0x18d ./Drivers/STM32F1xx_HAL_Driver/Src/stm32f1xx_hal_cortex.o
 .debug_macro   0x00000000000197b6      0x1f8 ./Drivers/STM32F1xx_HAL_Driver/Src/stm32f1xx_hal_gpio.o
 .debug_macro   0x00000000000199ae      0x19f ./Drivers/STM32F1xx_HAL_Driver/Src/stm32f1xx_hal_rcc.o

.debug_line     0x0000000000000000     0x7dfc
 .debug_line    0x0000000000000000      0x6bd ./Core/Src/can.o
 .debug_line    0x00000000000006bd      0x656 ./Core/Src/gpio.o
 .debug_line    0x0000000000000d13      0x6d4 ./Core/Src/main.o
 .debug_line    0x00000000000013e7      0x648 ./Core/Src/stm32f1xx_hal_msp.o
 .debug_line    0x0000000000001a2f      0x70a ./Core/Src/stm32f1xx_it.o
 .debug_line    0x0000000000002139      0x6c6 ./Core/Src/system_stm32f1xx.o
 .debug_line    0x00000000000027ff     0x1a9e ./Core/Src/wrapper.o
 .debug_line    0x000000000000429d       0x87 ./Core/Startup/startup_stm32f103c6tx.o
 .debug_line    0x0000000000004324      0x8f3 ./Drivers/STM32F1xx_HAL_Driver/Src/stm32f1xx_hal.o
 .debug_line    0x0000000000004c17     0x1094 ./Drivers/STM32F1xx_HAL_Driver/Src/stm32f1xx_hal_can.o
 .debug_line    0x0000000000005cab      0xadb ./Drivers/STM32F1xx_HAL_Driver/Src/stm32f1xx_hal_cortex.o
 .debug_line    0x0000000000006786      0x975 ./Drivers/STM32F1xx_HAL_Driver/Src/stm32f1xx_hal_gpio.o
 .debug_line    0x00000000000070fb      0xd01 ./Drivers/STM32F1xx_HAL_Driver/Src/stm32f1xx_hal_rcc.o

.debug_str      0x0000000000000000    0x89c46
 .debug_str     0x0000000000000000    0x7a79e ./Core/Src/can.o
                                      0x7aba8 (size before relaxing)
 .debug_str     0x000000000007a79e       0x68 ./Core/Src/gpio.o
                                      0x7a89a (size before relaxing)
 .debug_str     0x000000000007a806      0x181 ./Core/Src/main.o
                                      0x7ac18 (size before relaxing)
 .debug_str     0x000000000007a987       0x2c ./Core/Src/stm32f1xx_hal_msp.o
                                      0x7a822 (size before relaxing)
 .debug_str     0x000000000007a9b3       0xc9 ./Core/Src/stm32f1xx_it.o
                                      0x7a837 (size before relaxing)
 .debug_str     0x000000000007aa7c       0x88 ./Core/Src/system_stm32f1xx.o
                                      0x7a84d (size before relaxing)
 .debug_str     0x000000000007ab04     0xde54 ./Core/Src/wrapper.o
                                      0x88b18 (size before relaxing)
 .debug_str     0x0000000000088958       0x36 ./Core/Startup/startup_stm32f103c6tx.o
                                         0x64 (size before relaxing)
 .debug_str     0x000000000008898e      0x5d7 ./Drivers/STM32F1xx_HAL_Driver/Src/stm32f1xx_hal.o
                                      0x7af46 (size before relaxing)
 .debug_str     0x0000000000088f65      0x552 ./Drivers/STM32F1xx_HAL_Driver/Src/stm32f1xx_hal_can.o
                                      0x7b04d (size before relaxing)
 .debug_str     0x00000000000894b7      0x280 ./Drivers/STM32F1xx_HAL_Driver/Src/stm32f1xx_hal_cortex.o
                                      0x7ae92 (size before relaxing)
 .debug_str     0x0000000000089737      0x2e6 ./Drivers/STM32F1xx_HAL_Driver/Src/stm32f1xx_hal_gpio.o
                                      0x7abd3 (size before relaxing)
 .debug_str     0x0000000000089a1d      0x229 ./Drivers/STM32F1xx_HAL_Driver/Src/stm32f1xx_hal_rcc.o
                                      0x7ac7c (size before relaxing)

.comment        0x0000000000000000       0x50
 .comment       0x0000000000000000       0x50 ./Core/Src/can.o
                                         0x51 (size before relaxing)
 .comment       0x0000000000000050       0x51 ./Core/Src/gpio.o
 .comment       0x0000000000000050       0x51 ./Core/Src/main.o
 .comment       0x0000000000000050       0x51 ./Core/Src/stm32f1xx_hal_msp.o
 .comment       0x0000000000000050       0x51 ./Core/Src/stm32f1xx_it.o
 .comment       0x0000000000000050       0x51 ./Core/Src/system_stm32f1xx.o
 .comment       0x0000000000000050       0x51 ./Core/Src/wrapper.o
 .comment       0x0000000000000050       0x51 ./Drivers/STM32F1xx_HAL_Driver/Src/stm32f1xx_hal.o
 .comment       0x0000000000000050       0x51 ./Drivers/STM32F1xx_HAL_Driver/Src/stm32f1xx_hal_can.o
 .comment       0x0000000000000050       0x51 ./Drivers/STM32F1xx_HAL_Driver/Src/stm32f1xx_hal_cortex.o
 .comment       0x0000000000000050       0x51 ./Drivers/STM32F1xx_HAL_Driver/Src/stm32f1xx_hal_gpio.o
 .comment       0x0000000000000050       0x51 ./Drivers/STM32F1xx_HAL_Driver/Src/stm32f1xx_hal_rcc.o

.debug_frame    0x0000000000000000     0x13b4
 .debug_frame   0x0000000000000000       0x74 ./Core/Src/can.o
 .debug_frame   0x0000000000000074       0x34 ./Core/Src/gpio.o
 .debug_frame   0x00000000000000a8       0x68 ./Core/Src/main.o
 .debug_frame   0x0000000000000110       0x38 ./Core/Src/stm32f1xx_hal_msp.o
 .debug_frame   0x0000000000000148      0x104 ./Core/Src/stm32f1xx_it.o
 .debug_frame   0x000000000000024c       0x58 ./Core/Src/system_stm32f1xx.o
 .debug_frame   0x00000000000002a4       0x60 ./Core/Src/wrapper.o
 .debug_frame   0x0000000000000304      0x334 ./Drivers/STM32F1xx_HAL_Driver/Src/stm32f1xx_hal.o
 .debug_frame   0x0000000000000638      0x5a0 ./Drivers/STM32F1xx_HAL_Driver/Src/stm32f1xx_hal_can.o
 .debug_frame   0x0000000000000bd8      0x428 ./Drivers/STM32F1xx_HAL_Driver/Src/stm32f1xx_hal_cortex.o
 .debug_frame   0x0000000000001000      0x14c ./Drivers/STM32F1xx_HAL_Driver/Src/stm32f1xx_hal_gpio.o
 .debug_frame   0x000000000000114c      0x21c ./Drivers/STM32F1xx_HAL_Driver/Src/stm32f1xx_hal_rcc.o
 .debug_frame   0x0000000000001368       0x2c c:/st/stm32cubeide_1.11.0/stm32cubeide/plugins/com.st.stm32cube.ide.mcu.externaltools.gnu-tools-for-stm32.10.3-2021.10.win32_1.0.200.202301161003/tools/bin/../lib/gcc/arm-none-eabi/10.3.1/../../../../arm-none-eabi/lib/thumb/v7-m/nofp\libc_nano.a(lib_a-init.o)
 .debug_frame   0x0000000000001394       0x20 c:/st/stm32cubeide_1.11.0/stm32cubeide/plugins/com.st.stm32cube.ide.mcu.externaltools.gnu-tools-for-stm32.10.3-2021.10.win32_1.0.200.202301161003/tools/bin/../lib/gcc/arm-none-eabi/10.3.1/../../../../arm-none-eabi/lib/thumb/v7-m/nofp\libc_nano.a(lib_a-memset.o)

.debug_loc      0x0000000000000000      0x6da
 .debug_loc     0x0000000000000000      0x6da ./Core/Src/wrapper.o
